Script started on 2022-08-17 00:07:30+05:30 [TERM="xterm-256color" TTY="/dev/pts/1" COLUMNS="211" LINES="49"]
]0;sunny@TIGER03856: ~/MLE_TRAINING/Module1_MLE_training[01;32msunny@TIGER03856[00m:[01;34m~/MLE_TRAINING/Module1_MLE_training[00m$ git status
On branch master
Your branch is up to date with 'origin/master'.

Changes not staged for commit:
  (use "git add <file>..." to update what will be committed)
  (use "git restore <file>..." to discard changes in working directory)
	[31mmodified:   my_unix_session.txt[m

Untracked files:
  (use "git add <file>..." to include in what will be committed)
	[31mmy_git_session.txt[m

no changes added to commit (use "git add" and/or "git commit -a")
]0;sunny@TIGER03856: ~/MLE_TRAINING/Module1_MLE_training[01;32msunny@TIGER03856[00m:[01;34m~/MLE_TRAINING/Module1_MLE_training[00m$ git echo 'My Project' > README
git: 'echo' is not a git command. See 'git --help'.

The most similar command is
	fetch
]0;sunny@TIGER03856: ~/MLE_TRAINING/Module1_MLE_training[01;32msunny@TIGER03856[00m:[01;34m~/MLE_TRAINING/Module1_MLE_training[00m$ git echo 'My Project' > README[1P[1P[1P[1P
]0;sunny@TIGER03856: ~/MLE_TRAINING/Module1_MLE_training[01;32msunny@TIGER03856[00m:[01;34m~/MLE_TRAINING/Module1_MLE_training[00m$ la
[0m[01;34m.git[0m  README  my_git_session.txt  my_unix_session.txt  [01;34mshell-lesson-data[0m
]0;sunny@TIGER03856: ~/MLE_TRAINING/Module1_MLE_training[01;32msunny@TIGER03856[00m:[01;34m~/MLE_TRAINING/Module1_MLE_training[00m$ git add .
]0;sunny@TIGER03856: ~/MLE_TRAINING/Module1_MLE_training[01;32msunny@TIGER03856[00m:[01;34m~/MLE_TRAINING/Module1_MLE_training[00m$ git status
On branch master
Your branch is up to date with 'origin/master'.

Changes to be committed:
  (use "git restore --staged <file>..." to unstage)
	[32mnew file:   README[m
	[32mnew file:   my_git_session.txt[m
	[32mmodified:   my_unix_session.txt[m

]0;sunny@TIGER03856: ~/MLE_TRAINING/Module1_MLE_training[01;32msunny@TIGER03856[00m:[01;34m~/MLE_TRAINING/Module1_MLE_training[00m$ touch .gitignore
]0;sunny@TIGER03856: ~/MLE_TRAINING/Module1_MLE_training[01;32msunny@TIGER03856[00m:[01;34m~/MLE_TRAINING/Module1_MLE_training[00m$ la
[0m[01;34m.git[0m  .gitignore  README  my_git_session.txt  my_unix_session.txt  [01;34mshell-lesson-data[0m
]0;sunny@TIGER03856: ~/MLE_TRAINING/Module1_MLE_training[01;32msunny@TIGER03856[00m:[01;34m~/MLE_TRAINING/Module1_MLE_training[00m$ cat .git
.git/       .gitignore  
]0;sunny@TIGER03856: ~/MLE_TRAINING/Module1_MLE_training[01;32msunny@TIGER03856[00m:[01;34m~/MLE_TRAINING/Module1_MLE_training[00m$ cat .git
.git/       .gitignore  
]0;sunny@TIGER03856: ~/MLE_TRAINING/Module1_MLE_training[01;32msunny@TIGER03856[00m:[01;34m~/MLE_TRAINING/Module1_MLE_training[00m$ cat .gitignore 
]0;sunny@TIGER03856: ~/MLE_TRAINING/Module1_MLE_training[01;32msunny@TIGER03856[00m:[01;34m~/MLE_TRAINING/Module1_MLE_training[00m$ nano[K[K[K[Knano .gitignore 
[?2004h[?1049h[22;0;0t[1;49r(B[m[4l[?7h[39;49m[?1h=[?1h=[?25l[39;49m(B[m[H[2J[47;99H(B[0;7m[ Reading... ](B[m[47;98H(B[0;7m[ Read 0 lines ](B[m[H(B[0;7m  GNU nano 4.8                                                                                        .gitignore                                                                                                   [1;210H(B[m[48d(B[0;7m^G(B[m Get Help[18G(B[0;7m^O(B[m Write Out     (B[0;7m^W(B[m Where Is[52G(B[0;7m^K(B[m Cut Text[69G(B[0;7m^J(B[m Justify[86G(B[0;7m^C(B[m Cur Pos[103G(B[0;7mM-U(B[m Undo[48;120H(B[0;7mM-A(B[m Mark Text    (B[0;7mM-](B[m To Bracket   (B[0;7mM-Q(B[m Previous     (B[0;7m^B(B[m Back[48;188H(B[0;7m^◀(B[m Prev Word[49d(B[0;7m^X(B[m Exit[49;18H(B[0;7m^R(B[m Read File     (B[0;7m^\(B[m Replace[52G(B[0;7m^U(B[m Paste Text    (B[0;7m^T(B[m To Spell[86G(B[0;7m^_(B[m Go To Line    (B[0;7mM-E(B[m Redo[49;120H(B[0;7mM-6(B[m Copy Text    (B[0;7m^Q(B[m Where Was     (B[0;7mM-W(B[m Next[49;171H(B[0;7m^F(B[m Forward[188G(B[0;7m^▶(B[m Next Word[47d[2d[39;49m(B[m[?12l[?25h[?25l[1;202H(B[0;7mModified(B[m[2ddoc/*.t[?12l[?25h[?25lxt[?12l[?25h[?25l[47d(B[0;7mSave modified buffer?                                                                                                                                                                                              [48;1H Y(B[m Yes[K[49d(B[0;7m N(B[m No  [49;17H(B[0;7m^C(B[m Cancel[K[47;23H[?12l[?25h[?25l[48d(B[0;7m^G(B[m Get Help[48;53H(B[0;7mM-D(B[m DOS Format[48;105H(B[0;7mM-A(B[m Append[48;157H(B[0;7mM-B(B[m Backup File[49d(B[0;7m^C(B[m Cancel[17G         [49;53H(B[0;7mM-M(B[m Mac Format[49;105H(B[0;7mM-P(B[m Prepend[49;157H(B[0;7m^T(B[m To Files[47d(B[0;7mFile Name to Write: .gitignore(B[m[47;31H[?12l[?25h[?25l[47;98H[1K (B[0;7m[ Writing... ](B[m[K[1;202H(B[0;7m        (B[m[47;98H(B[0;7m[ Wrote 1 line ](B[m[J[49d[?12l[?25h[49;1H[?1049l[23;0;0t[?1l>[?2004l]0;sunny@TIGER03856: ~/MLE_TRAINING/Module1_MLE_training[01;32msunny@TIGER03856[00m:[01;34m~/MLE_TRAINING/Module1_MLE_training[00m$ la
[0m[01;34m.git[0m  .gitignore  README  my_git_session.txt  my_unix_session.txt  [01;34mshell-lesson-data[0m
]0;sunny@TIGER03856: ~/MLE_TRAINING/Module1_MLE_training[01;32msunny@TIGER03856[00m:[01;34m~/MLE_TRAINING/Module1_MLE_training[00m$ git push
Username for 'https://github.com': tri   tr iger-tribe-sunnyraj
Password for 'https://tiger-tribe-sunnyraj@github.com': 
Everything up-to-date
]0;sunny@TIGER03856: ~/MLE_TRAINING/Module1_MLE_training[01;32msunny@TIGER03856[00m:[01;34m~/MLE_TRAINING/Module1_MLE_training[00m$ git pull
Username for 'https://github.com': tiger-tribe-sunnyraj
Password for 'https://tiger-tribe-sunnyraj@github.com': 
Already up to date.
]0;sunny@TIGER03856: ~/MLE_TRAINING/Module1_MLE_training[01;32msunny@TIGER03856[00m:[01;34m~/MLE_TRAINING/Module1_MLE_training[00m$ git status
On branch master
Your branch is up to date with 'origin/master'.

Changes to be committed:
  (use "git restore --staged <file>..." to unstage)
	[32mnew file:   README[m
	[32mnew file:   my_git_session.txt[m
	[32mmodified:   my_unix_session.txt[m

Changes not staged for commit:
  (use "git add <file>..." to update what will be committed)
  (use "git restore <file>..." to discard changes in working directory)
	[31mmodified:   my_git_session.txt[m
	[31mmodified:   my_unix_session.txt[m

Untracked files:
  (use "git add <file>..." to include in what will be committed)
	[31m.gitignore[m

]0;sunny@TIGER03856: ~/MLE_TRAINING/Module1_MLE_training[01;32msunny@TIGER03856[00m:[01;34m~/MLE_TRAINING/Module1_MLE_training[00m$ git commit -m "[K[K [K"added : git uni[K[K[Ksession "
[master 7bf12e9] added : git session
 3 files changed, 108 insertions(+), 1 deletion(-)
 create mode 100644 README
 create mode 100644 my_git_session.txt
]0;sunny@TIGER03856: ~/MLE_TRAINING/Module1_MLE_training[01;32msunny@TIGER03856[00m:[01;34m~/MLE_TRAINING/Module1_MLE_training[00m$ git push
Username for 'https://github.com': tiger-tribe-sunnyraj
Password for 'https://tiger-tribe-sunnyraj@github.com': 
Enumerating objects: 6, done.
Counting objects:  16% (1/6)Counting objects:  33% (2/6)Counting objects:  50% (3/6)Counting objects:  66% (4/6)Counting objects:  83% (5/6)Counting objects: 100% (6/6)Counting objects: 100% (6/6), done.
Delta compression using up to 8 threads
Compressing objects:  33% (1/3)Compressing objects:  66% (2/3)Compressing objects: 100% (3/3)Compressing objects: 100% (3/3), done.
Writing objects:  25% (1/4)Writing objects:  50% (2/4)Writing objects:  75% (3/4)Writing objects: 100% (4/4)Writing objects: 100% (4/4), 3.85 KiB | 656.00 KiB/s, done.
Total 4 (delta 1), reused 0 (delta 0)
remote: Resolving deltas:   0% (0/1)